
> student_tasks_manager@0.1.0 build
> next build

node.exe : ⚠ Warning: Next.js 
inferred your workspace root, but 
it may not be correct.
At line:1 char:1
+ & "C:\Program 
Files\nodejs/node.exe" 
"C:\Program Files\nodejs/node_mo 
...
+ ~~~~~~~~~~~~~~~~~~~~~~~~~~~~~~~~
~~~~~~~~~~~~~~~~~~~~~~~~~~~~~~~~~~
~~~
    + CategoryInfo          : Not 
   Specified: (⚠ Warning: Next..  
  .not be correct.:String) [],    
 RemoteException
    + FullyQualifiedErrorId : Nat 
   iveCommandError
 
 We detected multiple lockfiles 
and selected the directory of 
C:\codes\package-lock.json as the 
root directory.
 To silence this warning, set 
`turbopack.root` in your Next.js 
config, or consider removing one 
of the lockfiles if it's not 
needed.
   See https://nextjs.org/docs/app
/api-reference/config/next-config-
js/turbopack#root-directory for 
more information.
 Detected additional lockfiles: 
   * C:\codes\websites\student_tas
ks_manager\package-lock.json
   * C:\codes\websites\package-loc
k.json

▲ Next.js 16.1.6 (Turbopack)
- Environments: .env.local

  Creating an optimized production build ...
✓ Compiled successfully in 5.3s
  Running TypeScript ...
  Collecting page data using 11 workers ...
  Generating static pages using 11 workers (0/11) ...
Error occurred prerendering page 
"/dashboard/assignments". Read 
more: https://nextjs.org/docs/mess
ages/prerender-error
Error [FirebaseError]: Firebase: 
Error (auth/invalid-api-key).
    at bC (C:\codes\websites\stude
nt_tasks_manager\.next\server\chun
ks\ssr\[root-of-the-server]__b4c92
4b0._.js:3:326717)
    at bD (C:\codes\websites\stude
nt_tasks_manager\.next\server\chun
ks\ssr\[root-of-the-server]__b4c92
4b0._.js:3:326766)
    at $.instanceFactory (C:\codes
\websites\student_tasks_manager\.n
ext\server\chunks\ssr\[root-of-the
-server]__b4c924b0._.js:3:377400)
    at aa.getOrInitializeService (
C:\codes\websites\student_tasks_ma
nager\.next\server\chunks\ssr\[roo
t-of-the-server]__b4c924b0._.js:3:
307003)
    at aa.initialize (C:\codes\web
sites\student_tasks_manager\.next\
server\chunks\ssr\[root-of-the-ser
ver]__b4c924b0._.js:3:306411)
    at cM (C:\codes\websites\stude
nt_tasks_manager\.next\server\chun
ks\ssr\[root-of-the-server]__b4c92
4b0._.js:3:364164)
    at dE (C:\codes\websites\stude
nt_tasks_manager\.next\server\chun
ks\ssr\[root-of-the-server]__b4c92
4b0._.js:3:378037)
    at module evaluation (C:\codes
\websites\student_tasks_manager\.n
ext\server\chunks\ssr\[root-of-the
-server]__b4c924b0._.js:15:20839)
    at instantiateModule (C:\codes
\websites\student_tasks_manager\.n
ext\server\chunks\ssr\[turbopack]_
runtime.js:740:9)
    at 
getOrInstantiateModuleFromParent (
C:\codes\websites\student_tasks_ma
nager\.next\server\chunks\ssr\[tur
bopack]_runtime.js:763:12) {
  code: 'auth/invalid-api-key',
  customData: [Object],
  digest: '3163320198'
}
Export encountered an error on 
/dashboard/assignments/page: 
/dashboard/assignments, exiting 
the build.
⨯ Next.js build worker exited 
with code: 1 and signal: null
